Microsoft (R) Macro Assembler Version 14.16.27035.0	    04/17/20 14:44:47
AddTwo.asm						     Page 1 - 1


				; Problem 2
				; Write and run the following program. Will the program crash? Why?

				.386
				.model flat,stdcall
				.stack 4096
				ExitProcess proto,dwExitCode:dword

 00000000			.code
 00000000			main proc
 00000000  B8 00000000			mov eax, 0					;debug purpose only

 00000005  E8 00000009			call example1
					;=======================================================
					; 1. push offset of next instruction on the stack
					; 2. copies the address of the called procedure into EIP
					;=======================================================
					
 0000000A  04 01			add al, 1

					invoke ExitProcess,0
 0000000C  6A 00	   *	    push   +000000000h
 0000000E  E8 00000000 E   *	    call   ExitProcess
 00000013			main endp

 00000013			example1 proc
 00000013  6A 06			push 6
 00000015  6A 05			push 5

 00000017  E8 00000001			call AddTwo
					;=======================================================
					; 1. push offset of next instruction on the stack
					; 2. copies the address of the called procedure into EIP
					;=======================================================

 0000001C  C3				ret

 0000001D			example1 endp

 0000001D			AddTwo proc
 0000001D  55				push ebp		; backup ebp 
 0000001E  8B EC				mov ebp, esp

 00000020  8B 45 0C				mov eax, [ebp+12]
 00000023  03 45 08				add eax, [ebp+8]
 00000026  5D				pop ebp			; restore ebp

 00000027  C2 0008			ret 8
					;===================================
					;  pops top of the stack into EIP
					;  add 8 to esp
					;===================================
 0000002A			AddTwo endp

				end main
Microsoft (R) Macro Assembler Version 14.16.27035.0	    04/17/20 14:44:47
AddTwo.asm						     Symbols 2 - 1




Segments and Groups:

                N a m e                 Size     Length   Align   Combine Class

FLAT . . . . . . . . . . . . . .	GROUP
STACK  . . . . . . . . . . . . .	32 Bit	 00001000 DWord	  Stack	  'STACK'	 
_DATA  . . . . . . . . . . . . .	32 Bit	 00000000 DWord	  Public  'DATA'	
_TEXT  . . . . . . . . . . . . .	32 Bit	 0000002A DWord	  Public  'CODE'	


Procedures, parameters, and locals:

                N a m e                 Type     Value    Attr

AddTwo . . . . . . . . . . . . .	P Near	 0000001D _TEXT	Length= 0000000D Public STDCALL
ExitProcess  . . . . . . . . . .	P Near	 00000000 FLAT	Length= 00000000 External STDCALL
example1 . . . . . . . . . . . .	P Near	 00000013 _TEXT	Length= 0000000A Public STDCALL
main . . . . . . . . . . . . . .	P Near	 00000000 _TEXT	Length= 00000013 Public STDCALL


Symbols:

                N a m e                 Type     Value    Attr

@CodeSize  . . . . . . . . . . .	Number	 00000000h   
@DataSize  . . . . . . . . . . .	Number	 00000000h   
@Interface . . . . . . . . . . .	Number	 00000003h   
@Model . . . . . . . . . . . . .	Number	 00000007h   
@code  . . . . . . . . . . . . .	Text   	 _TEXT
@data  . . . . . . . . . . . . .	Text   	 FLAT
@fardata?  . . . . . . . . . . .	Text   	 FLAT
@fardata . . . . . . . . . . . .	Text   	 FLAT
@stack . . . . . . . . . . . . .	Text   	 FLAT

	   0 Warnings
	   0 Errors
