Microsoft (R) Macro Assembler Version 14.16.27035.0	    04/04/20 19:22:00
AddTwo.asm						     Page 1 - 1


				; Problem 2
				; Multiplication and Division Instructions
				; var4 = (var1 * 5) / (var2 – 3)
				; var4 = (40 * 5) / (13 -3)
				; var4 = 200 / 10
				; var4 = 20

				.386
				.model flat,stdcall
				.stack 4096
				ExitProcess proto,dwExitCode:dword

 00000000			.data
 00000000 00000028			var1 DWORD 40		; 28h	
 00000004 0000000D			var2 DWORD 13		; 0Dh
 00000008 00000000			var4 DWORD ?		
					
 00000000			.code
 00000000			main proc
 00000000  B8 00000000			mov eax,0		; debug purpose only
 00000005  BB 00000000			mov ebx,0		; debug purpose only
 0000000A  BA 00000000			mov edx,0		; debug purpose only

					;==========================
					; (var1 * 5)
					;==========================
 0000000F  A1 00000000 R		mov eax, var1
 00000014  BB 00000005			mov ebx, 5
 00000019  F7 E3			mul ebx
					;==========================
					; 40 * 5 = 200d
					;	EDX = 00 00 00 00
					;   EAX = 00 00 00 C8
					;==========================
					
					;==========================
					; (var2 -3)
					;==========================
 0000001B  83 2D 00000004 R		sub var2, 3		;var2 = 0A
	   03
					
 00000022  8B 1D 00000004 R		mov ebx, var2
 00000028  F7 F3			div ebx

 0000002A  A3 00000008 R		mov var4, eax
					;=========================
					; var4 = 00 00 00 14 (20d)
					;=========================


					invoke ExitProcess,0
 0000002F  6A 00	   *	    push   +000000000h
 00000031  E8 00000000 E   *	    call   ExitProcess
 00000036			main endp
				end main
Microsoft (R) Macro Assembler Version 14.16.27035.0	    04/04/20 19:22:00
AddTwo.asm						     Symbols 2 - 1




Segments and Groups:

                N a m e                 Size     Length   Align   Combine Class

FLAT . . . . . . . . . . . . . .	GROUP
STACK  . . . . . . . . . . . . .	32 Bit	 00001000 DWord	  Stack	  'STACK'	 
_DATA  . . . . . . . . . . . . .	32 Bit	 0000000C DWord	  Public  'DATA'	
_TEXT  . . . . . . . . . . . . .	32 Bit	 00000036 DWord	  Public  'CODE'	


Procedures, parameters, and locals:

                N a m e                 Type     Value    Attr

ExitProcess  . . . . . . . . . .	P Near	 00000000 FLAT	Length= 00000000 External STDCALL
main . . . . . . . . . . . . . .	P Near	 00000000 _TEXT	Length= 00000036 Public STDCALL


Symbols:

                N a m e                 Type     Value    Attr

@CodeSize  . . . . . . . . . . .	Number	 00000000h   
@DataSize  . . . . . . . . . . .	Number	 00000000h   
@Interface . . . . . . . . . . .	Number	 00000003h   
@Model . . . . . . . . . . . . .	Number	 00000007h   
@code  . . . . . . . . . . . . .	Text   	 _TEXT
@data  . . . . . . . . . . . . .	Text   	 FLAT
@fardata?  . . . . . . . . . . .	Text   	 FLAT
@fardata . . . . . . . . . . . .	Text   	 FLAT
@stack . . . . . . . . . . . . .	Text   	 FLAT
var1 . . . . . . . . . . . . . .	DWord	 00000000 _DATA	
var2 . . . . . . . . . . . . . .	DWord	 00000004 _DATA	
var4 . . . . . . . . . . . . . .	DWord	 00000008 _DATA	

	   0 Warnings
	   0 Errors
