Microsoft (R) Macro Assembler Version 14.16.27035.0	    02/10/20 20:39:37
AddTwo.asm						     Page 1 - 1


				; Lab 4 - Assignment 1
				; opcode <destination> <source>
				; unsigned operation

				.386
				.model flat,stdcall
				.stack 4096
				ExitProcess proto,dwExitCode:dword

 00000000			.code
 00000000			main proc
 00000000  B8 00000000			mov eax,0h		; debug purpose only
 00000005  BB 00000000			mov ebx,0h		; debug purpose only
 0000000A  B9 00000000			mov ecx,0h		; debug purpose only
 0000000F  BA 00000000			mov edx,0h		; debug purpose only
					
 00000014  B3 5E		    mov bl, 94d     ; 8 bits  (0x5E)
 00000016  B1 40			mov cl, 64d     ; 8 bits  (0x40)
 00000018  B2 1F			mov dl, 31d     ; 8 bits  (0X1F)

 0000001A  02 CB			add cl, bl		; 94  + 64 = 158 (0x9E)
					;==========================================
					;      94   =      0101 1110
					;    + 64   =  +   0100 0000
					;     ----       ------------
					;     158          1001 1110
					;   
					;     EFLAGS
					;			OV (overflow) = 1 
					;			PL (signal)   = 1 
					;			ZR (zero)     = 0 
					;			CY (carry)    = 0
					;
					; VS Output : OV = 1 UP = 0 EI = 1 PL = 1 ZR = 0 AC = 0 PE = 0 CY = 0 
					;==========================================

 0000001C  2A CA			sub cl, dl		; 158 - 31 = 127 (0x7F)
					;==========================================
					;     158   =      1001 1110
					;    - 31   =  +   1110 0001
					;     ----       ------------
					;     127        1|0111 1111
					;                   
					;     EFLAGS
					;			OV (overflow) = 1 
					;			PL (signal)   = 0 
					;			ZR (zero)     = 0 
					;			CY (carry)    = 1  ?? (VS CY = 0) 
					;
					; VS Output : OV = 1 UP = 0 EI = 1 PL = 0 ZR = 0 AC = 1 PE = 0 CY = 0 
					;==========================================

 0000001E  8A C1			mov al, cl      ; 127 = (0x7F)


					invoke ExitProcess,0
 00000020  6A 00	   *	    push   +000000000h
 00000022  E8 00000000 E   *	    call   ExitProcess
 00000027			main endp
				end main
Microsoft (R) Macro Assembler Version 14.16.27035.0	    02/10/20 20:39:37
AddTwo.asm						     Symbols 2 - 1




Segments and Groups:

                N a m e                 Size     Length   Align   Combine Class

FLAT . . . . . . . . . . . . . .	GROUP
STACK  . . . . . . . . . . . . .	32 Bit	 00001000 DWord	  Stack	  'STACK'	 
_DATA  . . . . . . . . . . . . .	32 Bit	 00000000 DWord	  Public  'DATA'	
_TEXT  . . . . . . . . . . . . .	32 Bit	 00000027 DWord	  Public  'CODE'	


Procedures, parameters, and locals:

                N a m e                 Type     Value    Attr

ExitProcess  . . . . . . . . . .	P Near	 00000000 FLAT	Length= 00000000 External STDCALL
main . . . . . . . . . . . . . .	P Near	 00000000 _TEXT	Length= 00000027 Public STDCALL


Symbols:

                N a m e                 Type     Value    Attr

@CodeSize  . . . . . . . . . . .	Number	 00000000h   
@DataSize  . . . . . . . . . . .	Number	 00000000h   
@Interface . . . . . . . . . . .	Number	 00000003h   
@Model . . . . . . . . . . . . .	Number	 00000007h   
@code  . . . . . . . . . . . . .	Text   	 _TEXT
@data  . . . . . . . . . . . . .	Text   	 FLAT
@fardata?  . . . . . . . . . . .	Text   	 FLAT
@fardata . . . . . . . . . . . .	Text   	 FLAT
@stack . . . . . . . . . . . . .	Text   	 FLAT

	   0 Warnings
	   0 Errors
